Archive member included because of file (symbol)

/Users/karankaushik/pebble-dev/PebbleSDK-2.3/Pebble/lib/libpebble.a(tmpAGzHFdpebble.o)
                              src/main.c.9.o (app_event_loop)

Allocating common symbols
Common symbol       size              file

workout_names       0x50              src/main.c.9.o

Discarded input sections

 .text          0x0000000000000000        0x0 /Users/karankaushik/pebble-dev/PebbleSDK-2.3/arm-cs-tools/bin/../lib/gcc/arm-none-eabi/4.7.2/thumb2/crti.o
 .bss           0x0000000000000000        0x0 /Users/karankaushik/pebble-dev/PebbleSDK-2.3/arm-cs-tools/bin/../lib/gcc/arm-none-eabi/4.7.2/thumb2/crti.o
 .init          0x0000000000000000        0x4 /Users/karankaushik/pebble-dev/PebbleSDK-2.3/arm-cs-tools/bin/../lib/gcc/arm-none-eabi/4.7.2/thumb2/crti.o
 .fini          0x0000000000000000        0x4 /Users/karankaushik/pebble-dev/PebbleSDK-2.3/arm-cs-tools/bin/../lib/gcc/arm-none-eabi/4.7.2/thumb2/crti.o
 .text          0x0000000000000000       0xc8 /Users/karankaushik/pebble-dev/PebbleSDK-2.3/arm-cs-tools/bin/../lib/gcc/arm-none-eabi/4.7.2/thumb2/crtbegin.o
 .bss           0x0000000000000000       0x1c /Users/karankaushik/pebble-dev/PebbleSDK-2.3/arm-cs-tools/bin/../lib/gcc/arm-none-eabi/4.7.2/thumb2/crtbegin.o
 .init_array    0x0000000000000000        0x4 /Users/karankaushik/pebble-dev/PebbleSDK-2.3/arm-cs-tools/bin/../lib/gcc/arm-none-eabi/4.7.2/thumb2/crtbegin.o
 .fini_array    0x0000000000000000        0x4 /Users/karankaushik/pebble-dev/PebbleSDK-2.3/arm-cs-tools/bin/../lib/gcc/arm-none-eabi/4.7.2/thumb2/crtbegin.o
 .eh_frame      0x0000000000000000        0x0 /Users/karankaushik/pebble-dev/PebbleSDK-2.3/arm-cs-tools/bin/../lib/gcc/arm-none-eabi/4.7.2/thumb2/crtbegin.o
 .jcr           0x0000000000000000        0x0 /Users/karankaushik/pebble-dev/PebbleSDK-2.3/arm-cs-tools/bin/../lib/gcc/arm-none-eabi/4.7.2/thumb2/crtbegin.o
 .tm_clone_table
                0x0000000000000000        0x0 /Users/karankaushik/pebble-dev/PebbleSDK-2.3/arm-cs-tools/bin/../lib/gcc/arm-none-eabi/4.7.2/thumb2/crtbegin.o
 .text          0x0000000000000000        0x0 src/main.c.9.o
 .bss           0x0000000000000000        0x0 src/main.c.9.o
 .text          0x0000000000000000        0x0 appinfo.auto.c.9.o
 .bss           0x0000000000000000        0x0 appinfo.auto.c.9.o
 .bss           0x0000000000000000        0x0 /Users/karankaushik/pebble-dev/PebbleSDK-2.3/Pebble/lib/libpebble.a(tmpAGzHFdpebble.o)
 .text.accel_data_service_subscribe__deprecated
                0x0000000000000000        0xc /Users/karankaushik/pebble-dev/PebbleSDK-2.3/Pebble/lib/libpebble.a(tmpAGzHFdpebble.o)
 .text.accel_data_service_unsubscribe
                0x0000000000000000        0xc /Users/karankaushik/pebble-dev/PebbleSDK-2.3/Pebble/lib/libpebble.a(tmpAGzHFdpebble.o)
 .text.accel_service_peek
                0x0000000000000000        0xc /Users/karankaushik/pebble-dev/PebbleSDK-2.3/Pebble/lib/libpebble.a(tmpAGzHFdpebble.o)
 .text.accel_service_set_samples_per_update
                0x0000000000000000        0xc /Users/karankaushik/pebble-dev/PebbleSDK-2.3/Pebble/lib/libpebble.a(tmpAGzHFdpebble.o)
 .text.accel_service_set_sampling_rate
                0x0000000000000000        0xc /Users/karankaushik/pebble-dev/PebbleSDK-2.3/Pebble/lib/libpebble.a(tmpAGzHFdpebble.o)
 .text.accel_tap_service_subscribe
                0x0000000000000000        0xc /Users/karankaushik/pebble-dev/PebbleSDK-2.3/Pebble/lib/libpebble.a(tmpAGzHFdpebble.o)
 .text.accel_tap_service_unsubscribe
                0x0000000000000000        0xc /Users/karankaushik/pebble-dev/PebbleSDK-2.3/Pebble/lib/libpebble.a(tmpAGzHFdpebble.o)
 .text.action_bar_layer_add_to_window
                0x0000000000000000        0xc /Users/karankaushik/pebble-dev/PebbleSDK-2.3/Pebble/lib/libpebble.a(tmpAGzHFdpebble.o)
 .text.action_bar_layer_clear_icon
                0x0000000000000000        0xc /Users/karankaushik/pebble-dev/PebbleSDK-2.3/Pebble/lib/libpebble.a(tmpAGzHFdpebble.o)
 .text.action_bar_layer_create
                0x0000000000000000        0xc /Users/karankaushik/pebble-dev/PebbleSDK-2.3/Pebble/lib/libpebble.a(tmpAGzHFdpebble.o)
 .text.action_bar_layer_destroy
                0x0000000000000000        0xc /Users/karankaushik/pebble-dev/PebbleSDK-2.3/Pebble/lib/libpebble.a(tmpAGzHFdpebble.o)
 .text.action_bar_layer_get_layer
                0x0000000000000000        0xc /Users/karankaushik/pebble-dev/PebbleSDK-2.3/Pebble/lib/libpebble.a(tmpAGzHFdpebble.o)
 .text.action_bar_layer_remove_from_window
                0x0000000000000000        0xc /Users/karankaushik/pebble-dev/PebbleSDK-2.3/Pebble/lib/libpebble.a(tmpAGzHFdpebble.o)
 .text.action_bar_layer_set_background_color
                0x0000000000000000        0xc /Users/karankaushik/pebble-dev/PebbleSDK-2.3/Pebble/lib/libpebble.a(tmpAGzHFdpebble.o)
 .text.action_bar_layer_set_click_config_provider
                0x0000000000000000        0xc /Users/karankaushik/pebble-dev/PebbleSDK-2.3/Pebble/lib/libpebble.a(tmpAGzHFdpebble.o)
 .text.action_bar_layer_set_context
                0x0000000000000000        0xc /Users/karankaushik/pebble-dev/PebbleSDK-2.3/Pebble/lib/libpebble.a(tmpAGzHFdpebble.o)
 .text.action_bar_layer_set_icon
                0x0000000000000000        0xc /Users/karankaushik/pebble-dev/PebbleSDK-2.3/Pebble/lib/libpebble.a(tmpAGzHFdpebble.o)
 .text.animation_create
                0x0000000000000000        0xc /Users/karankaushik/pebble-dev/PebbleSDK-2.3/Pebble/lib/libpebble.a(tmpAGzHFdpebble.o)
 .text.animation_destroy
                0x0000000000000000        0xc /Users/karankaushik/pebble-dev/PebbleSDK-2.3/Pebble/lib/libpebble.a(tmpAGzHFdpebble.o)
 .text.animation_get_context
                0x0000000000000000        0xc /Users/karankaushik/pebble-dev/PebbleSDK-2.3/Pebble/lib/libpebble.a(tmpAGzHFdpebble.o)
 .text.animation_is_scheduled
                0x0000000000000000        0xc /Users/karankaushik/pebble-dev/PebbleSDK-2.3/Pebble/lib/libpebble.a(tmpAGzHFdpebble.o)
 .text.animation_schedule
                0x0000000000000000        0xc /Users/karankaushik/pebble-dev/PebbleSDK-2.3/Pebble/lib/libpebble.a(tmpAGzHFdpebble.o)
 .text.animation_set_curve
                0x0000000000000000        0xc /Users/karankaushik/pebble-dev/PebbleSDK-2.3/Pebble/lib/libpebble.a(tmpAGzHFdpebble.o)
 .text.animation_set_delay
                0x0000000000000000        0xc /Users/karankaushik/pebble-dev/PebbleSDK-2.3/Pebble/lib/libpebble.a(tmpAGzHFdpebble.o)
 .text.animation_set_duration
                0x0000000000000000        0xc /Users/karankaushik/pebble-dev/PebbleSDK-2.3/Pebble/lib/libpebble.a(tmpAGzHFdpebble.o)
 .text.animation_set_handlers
                0x0000000000000000        0xc /Users/karankaushik/pebble-dev/PebbleSDK-2.3/Pebble/lib/libpebble.a(tmpAGzHFdpebble.o)
 .text.animation_set_implementation
                0x0000000000000000        0xc /Users/karankaushik/pebble-dev/PebbleSDK-2.3/Pebble/lib/libpebble.a(tmpAGzHFdpebble.o)
 .text.animation_unschedule
                0x0000000000000000        0xc /Users/karankaushik/pebble-dev/PebbleSDK-2.3/Pebble/lib/libpebble.a(tmpAGzHFdpebble.o)
 .text.animation_unschedule_all
                0x0000000000000000        0xc /Users/karankaushik/pebble-dev/PebbleSDK-2.3/Pebble/lib/libpebble.a(tmpAGzHFdpebble.o)
 .text.app_comm_get_sniff_interval
                0x0000000000000000        0xc /Users/karankaushik/pebble-dev/PebbleSDK-2.3/Pebble/lib/libpebble.a(tmpAGzHFdpebble.o)
 .text.app_comm_set_sniff_interval
                0x0000000000000000        0xc /Users/karankaushik/pebble-dev/PebbleSDK-2.3/Pebble/lib/libpebble.a(tmpAGzHFdpebble.o)
 .text.app_message_deregister_callbacks
                0x0000000000000000        0xc /Users/karankaushik/pebble-dev/PebbleSDK-2.3/Pebble/lib/libpebble.a(tmpAGzHFdpebble.o)
 .text.app_sync_deinit
                0x0000000000000000        0xc /Users/karankaushik/pebble-dev/PebbleSDK-2.3/Pebble/lib/libpebble.a(tmpAGzHFdpebble.o)
 .text.app_sync_get
                0x0000000000000000        0xc /Users/karankaushik/pebble-dev/PebbleSDK-2.3/Pebble/lib/libpebble.a(tmpAGzHFdpebble.o)
 .text.app_sync_init
                0x0000000000000000        0xc /Users/karankaushik/pebble-dev/PebbleSDK-2.3/Pebble/lib/libpebble.a(tmpAGzHFdpebble.o)
 .text.app_sync_set
                0x0000000000000000        0xc /Users/karankaushik/pebble-dev/PebbleSDK-2.3/Pebble/lib/libpebble.a(tmpAGzHFdpebble.o)
 .text.app_timer_reschedule
                0x0000000000000000        0xc /Users/karankaushik/pebble-dev/PebbleSDK-2.3/Pebble/lib/libpebble.a(tmpAGzHFdpebble.o)
 .text.atan2_lookup
                0x0000000000000000        0xc /Users/karankaushik/pebble-dev/PebbleSDK-2.3/Pebble/lib/libpebble.a(tmpAGzHFdpebble.o)
 .text.atol     0x0000000000000000        0xc /Users/karankaushik/pebble-dev/PebbleSDK-2.3/Pebble/lib/libpebble.a(tmpAGzHFdpebble.o)
 .text.battery_state_service_peek
                0x0000000000000000        0xc /Users/karankaushik/pebble-dev/PebbleSDK-2.3/Pebble/lib/libpebble.a(tmpAGzHFdpebble.o)
 .text.battery_state_service_subscribe
                0x0000000000000000        0xc /Users/karankaushik/pebble-dev/PebbleSDK-2.3/Pebble/lib/libpebble.a(tmpAGzHFdpebble.o)
 .text.battery_state_service_unsubscribe
                0x0000000000000000        0xc /Users/karankaushik/pebble-dev/PebbleSDK-2.3/Pebble/lib/libpebble.a(tmpAGzHFdpebble.o)
 .text.bitmap_layer_destroy
                0x0000000000000000        0xc /Users/karankaushik/pebble-dev/PebbleSDK-2.3/Pebble/lib/libpebble.a(tmpAGzHFdpebble.o)
 .text.bitmap_layer_set_background_color
                0x0000000000000000        0xc /Users/karankaushik/pebble-dev/PebbleSDK-2.3/Pebble/lib/libpebble.a(tmpAGzHFdpebble.o)
 .text.bitmap_layer_set_compositing_mode
                0x0000000000000000        0xc /Users/karankaushik/pebble-dev/PebbleSDK-2.3/Pebble/lib/libpebble.a(tmpAGzHFdpebble.o)
 .text.bluetooth_connection_service_peek
                0x0000000000000000        0xc /Users/karankaushik/pebble-dev/PebbleSDK-2.3/Pebble/lib/libpebble.a(tmpAGzHFdpebble.o)
 .text.bluetooth_connection_service_subscribe
                0x0000000000000000        0xc /Users/karankaushik/pebble-dev/PebbleSDK-2.3/Pebble/lib/libpebble.a(tmpAGzHFdpebble.o)
 .text.bluetooth_connection_service_unsubscribe
                0x0000000000000000        0xc /Users/karankaushik/pebble-dev/PebbleSDK-2.3/Pebble/lib/libpebble.a(tmpAGzHFdpebble.o)
 .text.click_number_of_clicks_counted
                0x0000000000000000        0xc /Users/karankaushik/pebble-dev/PebbleSDK-2.3/Pebble/lib/libpebble.a(tmpAGzHFdpebble.o)
 .text.click_recognizer_get_button_id
                0x0000000000000000        0xc /Users/karankaushik/pebble-dev/PebbleSDK-2.3/Pebble/lib/libpebble.a(tmpAGzHFdpebble.o)
 .text.clock_copy_time_string
                0x0000000000000000        0xc /Users/karankaushik/pebble-dev/PebbleSDK-2.3/Pebble/lib/libpebble.a(tmpAGzHFdpebble.o)
 .text.clock_is_24h_style
                0x0000000000000000        0xc /Users/karankaushik/pebble-dev/PebbleSDK-2.3/Pebble/lib/libpebble.a(tmpAGzHFdpebble.o)
 .text.cos_lookup
                0x0000000000000000        0xc /Users/karankaushik/pebble-dev/PebbleSDK-2.3/Pebble/lib/libpebble.a(tmpAGzHFdpebble.o)
 .text.data_logging_create
                0x0000000000000000        0xc /Users/karankaushik/pebble-dev/PebbleSDK-2.3/Pebble/lib/libpebble.a(tmpAGzHFdpebble.o)
 .text.data_logging_finish
                0x0000000000000000        0xc /Users/karankaushik/pebble-dev/PebbleSDK-2.3/Pebble/lib/libpebble.a(tmpAGzHFdpebble.o)
 .text.data_logging_log
                0x0000000000000000        0xc /Users/karankaushik/pebble-dev/PebbleSDK-2.3/Pebble/lib/libpebble.a(tmpAGzHFdpebble.o)
 .text.dict_calc_buffer_size
                0x0000000000000000        0xc /Users/karankaushik/pebble-dev/PebbleSDK-2.3/Pebble/lib/libpebble.a(tmpAGzHFdpebble.o)
 .text.dict_calc_buffer_size_from_tuplets
                0x0000000000000000        0xc /Users/karankaushik/pebble-dev/PebbleSDK-2.3/Pebble/lib/libpebble.a(tmpAGzHFdpebble.o)
 .text.dict_merge
                0x0000000000000000        0xc /Users/karankaushik/pebble-dev/PebbleSDK-2.3/Pebble/lib/libpebble.a(tmpAGzHFdpebble.o)
 .text.dict_read_begin_from_buffer
                0x0000000000000000        0xc /Users/karankaushik/pebble-dev/PebbleSDK-2.3/Pebble/lib/libpebble.a(tmpAGzHFdpebble.o)
 .text.dict_read_first
                0x0000000000000000        0xc /Users/karankaushik/pebble-dev/PebbleSDK-2.3/Pebble/lib/libpebble.a(tmpAGzHFdpebble.o)
 .text.dict_read_next
                0x0000000000000000        0xc /Users/karankaushik/pebble-dev/PebbleSDK-2.3/Pebble/lib/libpebble.a(tmpAGzHFdpebble.o)
 .text.dict_serialize_tuplets
                0x0000000000000000        0xc /Users/karankaushik/pebble-dev/PebbleSDK-2.3/Pebble/lib/libpebble.a(tmpAGzHFdpebble.o)
 .text.dict_serialize_tuplets_to_buffer__deprecated
                0x0000000000000000        0xc /Users/karankaushik/pebble-dev/PebbleSDK-2.3/Pebble/lib/libpebble.a(tmpAGzHFdpebble.o)
 .text.dict_serialize_tuplets_to_buffer_with_iter
                0x0000000000000000        0xc /Users/karankaushik/pebble-dev/PebbleSDK-2.3/Pebble/lib/libpebble.a(tmpAGzHFdpebble.o)
 .text.dict_write_begin
                0x0000000000000000        0xc /Users/karankaushik/pebble-dev/PebbleSDK-2.3/Pebble/lib/libpebble.a(tmpAGzHFdpebble.o)
 .text.dict_write_data
                0x0000000000000000        0xc /Users/karankaushik/pebble-dev/PebbleSDK-2.3/Pebble/lib/libpebble.a(tmpAGzHFdpebble.o)
 .text.dict_write_end
                0x0000000000000000        0xc /Users/karankaushik/pebble-dev/PebbleSDK-2.3/Pebble/lib/libpebble.a(tmpAGzHFdpebble.o)
 .text.dict_write_int
                0x0000000000000000        0xc /Users/karankaushik/pebble-dev/PebbleSDK-2.3/Pebble/lib/libpebble.a(tmpAGzHFdpebble.o)
 .text.dict_write_int16
                0x0000000000000000        0xc /Users/karankaushik/pebble-dev/PebbleSDK-2.3/Pebble/lib/libpebble.a(tmpAGzHFdpebble.o)
 .text.dict_write_int32
                0x0000000000000000        0xc /Users/karankaushik/pebble-dev/PebbleSDK-2.3/Pebble/lib/libpebble.a(tmpAGzHFdpebble.o)
 .text.dict_write_int8
                0x0000000000000000        0xc /Users/karankaushik/pebble-dev/PebbleSDK-2.3/Pebble/lib/libpebble.a(tmpAGzHFdpebble.o)
 .text.dict_write_tuplet
                0x0000000000000000        0xc /Users/karankaushik/pebble-dev/PebbleSDK-2.3/Pebble/lib/libpebble.a(tmpAGzHFdpebble.o)
 .text.dict_write_uint16
                0x0000000000000000        0xc /Users/karankaushik/pebble-dev/PebbleSDK-2.3/Pebble/lib/libpebble.a(tmpAGzHFdpebble.o)
 .text.dict_write_uint32
                0x0000000000000000        0xc /Users/karankaushik/pebble-dev/PebbleSDK-2.3/Pebble/lib/libpebble.a(tmpAGzHFdpebble.o)
 .text.dict_write_uint8
                0x0000000000000000        0xc /Users/karankaushik/pebble-dev/PebbleSDK-2.3/Pebble/lib/libpebble.a(tmpAGzHFdpebble.o)
 .text.fonts_load_custom_font
                0x0000000000000000        0xc /Users/karankaushik/pebble-dev/PebbleSDK-2.3/Pebble/lib/libpebble.a(tmpAGzHFdpebble.o)
 .text.fonts_unload_custom_font
                0x0000000000000000        0xc /Users/karankaushik/pebble-dev/PebbleSDK-2.3/Pebble/lib/libpebble.a(tmpAGzHFdpebble.o)
 .text.free     0x0000000000000000        0xc /Users/karankaushik/pebble-dev/PebbleSDK-2.3/Pebble/lib/libpebble.a(tmpAGzHFdpebble.o)
 .text.gbitmap_create_as_sub_bitmap
                0x0000000000000000        0xc /Users/karankaushik/pebble-dev/PebbleSDK-2.3/Pebble/lib/libpebble.a(tmpAGzHFdpebble.o)
 .text.gbitmap_create_with_data
                0x0000000000000000        0xc /Users/karankaushik/pebble-dev/PebbleSDK-2.3/Pebble/lib/libpebble.a(tmpAGzHFdpebble.o)
 .text.gbitmap_destroy
                0x0000000000000000        0xc /Users/karankaushik/pebble-dev/PebbleSDK-2.3/Pebble/lib/libpebble.a(tmpAGzHFdpebble.o)
 .text.gmtime   0x0000000000000000        0xc /Users/karankaushik/pebble-dev/PebbleSDK-2.3/Pebble/lib/libpebble.a(tmpAGzHFdpebble.o)
 .text.gpath_create
                0x0000000000000000        0xc /Users/karankaushik/pebble-dev/PebbleSDK-2.3/Pebble/lib/libpebble.a(tmpAGzHFdpebble.o)
 .text.gpath_destroy
                0x0000000000000000        0xc /Users/karankaushik/pebble-dev/PebbleSDK-2.3/Pebble/lib/libpebble.a(tmpAGzHFdpebble.o)
 .text.gpath_draw_filled
                0x0000000000000000        0xc /Users/karankaushik/pebble-dev/PebbleSDK-2.3/Pebble/lib/libpebble.a(tmpAGzHFdpebble.o)
 .text.gpath_draw_outline
                0x0000000000000000        0xc /Users/karankaushik/pebble-dev/PebbleSDK-2.3/Pebble/lib/libpebble.a(tmpAGzHFdpebble.o)
 .text.gpath_move_to
                0x0000000000000000        0xc /Users/karankaushik/pebble-dev/PebbleSDK-2.3/Pebble/lib/libpebble.a(tmpAGzHFdpebble.o)
 .text.gpath_rotate_to
                0x0000000000000000        0xc /Users/karankaushik/pebble-dev/PebbleSDK-2.3/Pebble/lib/libpebble.a(tmpAGzHFdpebble.o)
 .text.gpoint_equal
                0x0000000000000000        0xc /Users/karankaushik/pebble-dev/PebbleSDK-2.3/Pebble/lib/libpebble.a(tmpAGzHFdpebble.o)
 .text.graphics_context_set_compositing_mode
                0x0000000000000000        0xc /Users/karankaushik/pebble-dev/PebbleSDK-2.3/Pebble/lib/libpebble.a(tmpAGzHFdpebble.o)
 .text.graphics_context_set_fill_color
                0x0000000000000000        0xc /Users/karankaushik/pebble-dev/PebbleSDK-2.3/Pebble/lib/libpebble.a(tmpAGzHFdpebble.o)
 .text.graphics_context_set_stroke_color
                0x0000000000000000        0xc /Users/karankaushik/pebble-dev/PebbleSDK-2.3/Pebble/lib/libpebble.a(tmpAGzHFdpebble.o)
 .text.graphics_context_set_text_color
                0x0000000000000000        0xc /Users/karankaushik/pebble-dev/PebbleSDK-2.3/Pebble/lib/libpebble.a(tmpAGzHFdpebble.o)
 .text.graphics_draw_bitmap_in_rect
                0x0000000000000000        0xc /Users/karankaushik/pebble-dev/PebbleSDK-2.3/Pebble/lib/libpebble.a(tmpAGzHFdpebble.o)
 .text.graphics_draw_circle
                0x0000000000000000        0xc /Users/karankaushik/pebble-dev/PebbleSDK-2.3/Pebble/lib/libpebble.a(tmpAGzHFdpebble.o)
 .text.graphics_draw_line
                0x0000000000000000        0xc /Users/karankaushik/pebble-dev/PebbleSDK-2.3/Pebble/lib/libpebble.a(tmpAGzHFdpebble.o)
 .text.graphics_draw_pixel
                0x0000000000000000        0xc /Users/karankaushik/pebble-dev/PebbleSDK-2.3/Pebble/lib/libpebble.a(tmpAGzHFdpebble.o)
 .text.graphics_draw_rect
                0x0000000000000000        0xc /Users/karankaushik/pebble-dev/PebbleSDK-2.3/Pebble/lib/libpebble.a(tmpAGzHFdpebble.o)
 .text.graphics_draw_round_rect
                0x0000000000000000        0xc /Users/karankaushik/pebble-dev/PebbleSDK-2.3/Pebble/lib/libpebble.a(tmpAGzHFdpebble.o)
 .text.graphics_fill_circle
                0x0000000000000000        0xc /Users/karankaushik/pebble-dev/PebbleSDK-2.3/Pebble/lib/libpebble.a(tmpAGzHFdpebble.o)
 .text.graphics_fill_rect
                0x0000000000000000        0xc /Users/karankaushik/pebble-dev/PebbleSDK-2.3/Pebble/lib/libpebble.a(tmpAGzHFdpebble.o)
 .text.graphics_text_layout_get_max_used_size
                0x0000000000000000        0xc /Users/karankaushik/pebble-dev/PebbleSDK-2.3/Pebble/lib/libpebble.a(tmpAGzHFdpebble.o)
 .text.grect_align
                0x0000000000000000        0xc /Users/karankaushik/pebble-dev/PebbleSDK-2.3/Pebble/lib/libpebble.a(tmpAGzHFdpebble.o)
 .text.grect_center_point
                0x0000000000000000        0xc /Users/karankaushik/pebble-dev/PebbleSDK-2.3/Pebble/lib/libpebble.a(tmpAGzHFdpebble.o)
 .text.grect_clip
                0x0000000000000000        0xc /Users/karankaushik/pebble-dev/PebbleSDK-2.3/Pebble/lib/libpebble.a(tmpAGzHFdpebble.o)
 .text.grect_contains_point
                0x0000000000000000        0xc /Users/karankaushik/pebble-dev/PebbleSDK-2.3/Pebble/lib/libpebble.a(tmpAGzHFdpebble.o)
 .text.grect_crop
                0x0000000000000000        0xc /Users/karankaushik/pebble-dev/PebbleSDK-2.3/Pebble/lib/libpebble.a(tmpAGzHFdpebble.o)
 .text.grect_equal
                0x0000000000000000        0xc /Users/karankaushik/pebble-dev/PebbleSDK-2.3/Pebble/lib/libpebble.a(tmpAGzHFdpebble.o)
 .text.grect_is_empty
                0x0000000000000000        0xc /Users/karankaushik/pebble-dev/PebbleSDK-2.3/Pebble/lib/libpebble.a(tmpAGzHFdpebble.o)
 .text.grect_standardize
                0x0000000000000000        0xc /Users/karankaushik/pebble-dev/PebbleSDK-2.3/Pebble/lib/libpebble.a(tmpAGzHFdpebble.o)
 .text.gsize_equal
                0x0000000000000000        0xc /Users/karankaushik/pebble-dev/PebbleSDK-2.3/Pebble/lib/libpebble.a(tmpAGzHFdpebble.o)
 .text.inverter_layer_create
                0x0000000000000000        0xc /Users/karankaushik/pebble-dev/PebbleSDK-2.3/Pebble/lib/libpebble.a(tmpAGzHFdpebble.o)
 .text.inverter_layer_destroy
                0x0000000000000000        0xc /Users/karankaushik/pebble-dev/PebbleSDK-2.3/Pebble/lib/libpebble.a(tmpAGzHFdpebble.o)
 .text.inverter_layer_get_layer
                0x0000000000000000        0xc /Users/karankaushik/pebble-dev/PebbleSDK-2.3/Pebble/lib/libpebble.a(tmpAGzHFdpebble.o)
 .text.layer_create
                0x0000000000000000        0xc /Users/karankaushik/pebble-dev/PebbleSDK-2.3/Pebble/lib/libpebble.a(tmpAGzHFdpebble.o)
 .text.layer_create_with_data
                0x0000000000000000        0xc /Users/karankaushik/pebble-dev/PebbleSDK-2.3/Pebble/lib/libpebble.a(tmpAGzHFdpebble.o)
 .text.layer_destroy
                0x0000000000000000        0xc /Users/karankaushik/pebble-dev/PebbleSDK-2.3/Pebble/lib/libpebble.a(tmpAGzHFdpebble.o)
 .text.layer_get_bounds
                0x0000000000000000        0xc /Users/karankaushik/pebble-dev/PebbleSDK-2.3/Pebble/lib/libpebble.a(tmpAGzHFdpebble.o)
 .text.layer_get_clips
                0x0000000000000000        0xc /Users/karankaushik/pebble-dev/PebbleSDK-2.3/Pebble/lib/libpebble.a(tmpAGzHFdpebble.o)
 .text.layer_get_data
                0x0000000000000000        0xc /Users/karankaushik/pebble-dev/PebbleSDK-2.3/Pebble/lib/libpebble.a(tmpAGzHFdpebble.o)
 .text.layer_get_hidden
                0x0000000000000000        0xc /Users/karankaushik/pebble-dev/PebbleSDK-2.3/Pebble/lib/libpebble.a(tmpAGzHFdpebble.o)
 .text.layer_get_window
                0x0000000000000000        0xc /Users/karankaushik/pebble-dev/PebbleSDK-2.3/Pebble/lib/libpebble.a(tmpAGzHFdpebble.o)
 .text.layer_insert_above_sibling
                0x0000000000000000        0xc /Users/karankaushik/pebble-dev/PebbleSDK-2.3/Pebble/lib/libpebble.a(tmpAGzHFdpebble.o)
 .text.layer_insert_below_sibling
                0x0000000000000000        0xc /Users/karankaushik/pebble-dev/PebbleSDK-2.3/Pebble/lib/libpebble.a(tmpAGzHFdpebble.o)
 .text.layer_mark_dirty
                0x0000000000000000        0xc /Users/karankaushik/pebble-dev/PebbleSDK-2.3/Pebble/lib/libpebble.a(tmpAGzHFdpebble.o)
 .text.layer_remove_child_layers
                0x0000000000000000        0xc /Users/karankaushik/pebble-dev/PebbleSDK-2.3/Pebble/lib/libpebble.a(tmpAGzHFdpebble.o)
 .text.layer_remove_from_parent
                0x0000000000000000        0xc /Users/karankaushik/pebble-dev/PebbleSDK-2.3/Pebble/lib/libpebble.a(tmpAGzHFdpebble.o)
 .text.layer_set_bounds
                0x0000000000000000        0xc /Users/karankaushik/pebble-dev/PebbleSDK-2.3/Pebble/lib/libpebble.a(tmpAGzHFdpebble.o)
 .text.layer_set_clips
                0x0000000000000000        0xc /Users/karankaushik/pebble-dev/PebbleSDK-2.3/Pebble/lib/libpebble.a(tmpAGzHFdpebble.o)
 .text.layer_set_frame
                0x0000000000000000        0xc /Users/karankaushik/pebble-dev/PebbleSDK-2.3/Pebble/lib/libpebble.a(tmpAGzHFdpebble.o)
 .text.layer_set_hidden
                0x0000000000000000        0xc /Users/karankaushik/pebble-dev/PebbleSDK-2.3/Pebble/lib/libpebble.a(tmpAGzHFdpebble.o)
 .text.layer_set_update_proc
                0x0000000000000000        0xc /Users/karankaushik/pebble-dev/PebbleSDK-2.3/Pebble/lib/libpebble.a(tmpAGzHFdpebble.o)
 .text.light_enable
                0x0000000000000000        0xc /Users/karankaushik/pebble-dev/PebbleSDK-2.3/Pebble/lib/libpebble.a(tmpAGzHFdpebble.o)
 .text.light_enable_interaction
                0x0000000000000000        0xc /Users/karankaushik/pebble-dev/PebbleSDK-2.3/Pebble/lib/libpebble.a(tmpAGzHFdpebble.o)
 .text.localtime
                0x0000000000000000        0xc /Users/karankaushik/pebble-dev/PebbleSDK-2.3/Pebble/lib/libpebble.a(tmpAGzHFdpebble.o)
 .text.memcpy   0x0000000000000000        0xc /Users/karankaushik/pebble-dev/PebbleSDK-2.3/Pebble/lib/libpebble.a(tmpAGzHFdpebble.o)
 .text.memmove  0x0000000000000000        0xc /Users/karankaushik/pebble-dev/PebbleSDK-2.3/Pebble/lib/libpebble.a(tmpAGzHFdpebble.o)
 .text.menu_cell_title_draw
                0x0000000000000000        0xc /Users/karankaushik/pebble-dev/PebbleSDK-2.3/Pebble/lib/libpebble.a(tmpAGzHFdpebble.o)
 .text.menu_index_compare
                0x0000000000000000        0xc /Users/karankaushik/pebble-dev/PebbleSDK-2.3/Pebble/lib/libpebble.a(tmpAGzHFdpebble.o)
 .text.menu_layer_get_scroll_layer
                0x0000000000000000        0xc /Users/karankaushik/pebble-dev/PebbleSDK-2.3/Pebble/lib/libpebble.a(tmpAGzHFdpebble.o)
 .text.menu_layer_get_selected_index
                0x0000000000000000        0xc /Users/karankaushik/pebble-dev/PebbleSDK-2.3/Pebble/lib/libpebble.a(tmpAGzHFdpebble.o)
 .text.menu_layer_set_callbacks__deprecated
                0x0000000000000000        0xc /Users/karankaushik/pebble-dev/PebbleSDK-2.3/Pebble/lib/libpebble.a(tmpAGzHFdpebble.o)
 .text.menu_layer_set_selected_index
                0x0000000000000000        0xc /Users/karankaushik/pebble-dev/PebbleSDK-2.3/Pebble/lib/libpebble.a(tmpAGzHFdpebble.o)
 .text.menu_layer_set_selected_next
                0x0000000000000000        0xc /Users/karankaushik/pebble-dev/PebbleSDK-2.3/Pebble/lib/libpebble.a(tmpAGzHFdpebble.o)
 .text.number_window_create
                0x0000000000000000        0xc /Users/karankaushik/pebble-dev/PebbleSDK-2.3/Pebble/lib/libpebble.a(tmpAGzHFdpebble.o)
 .text.number_window_destroy
                0x0000000000000000        0xc /Users/karankaushik/pebble-dev/PebbleSDK-2.3/Pebble/lib/libpebble.a(tmpAGzHFdpebble.o)
 .text.number_window_get_value
                0x0000000000000000        0xc /Users/karankaushik/pebble-dev/PebbleSDK-2.3/Pebble/lib/libpebble.a(tmpAGzHFdpebble.o)
 .text.number_window_set_label
                0x0000000000000000        0xc /Users/karankaushik/pebble-dev/PebbleSDK-2.3/Pebble/lib/libpebble.a(tmpAGzHFdpebble.o)
 .text.number_window_set_max
                0x0000000000000000        0xc /Users/karankaushik/pebble-dev/PebbleSDK-2.3/Pebble/lib/libpebble.a(tmpAGzHFdpebble.o)
 .text.number_window_set_min
                0x0000000000000000        0xc /Users/karankaushik/pebble-dev/PebbleSDK-2.3/Pebble/lib/libpebble.a(tmpAGzHFdpebble.o)
 .text.number_window_set_step_size
                0x0000000000000000        0xc /Users/karankaushik/pebble-dev/PebbleSDK-2.3/Pebble/lib/libpebble.a(tmpAGzHFdpebble.o)
 .text.number_window_set_value
                0x0000000000000000        0xc /Users/karankaushik/pebble-dev/PebbleSDK-2.3/Pebble/lib/libpebble.a(tmpAGzHFdpebble.o)
 .text.persist_get_size
                0x0000000000000000        0xc /Users/karankaushik/pebble-dev/PebbleSDK-2.3/Pebble/lib/libpebble.a(tmpAGzHFdpebble.o)
 .text.persist_read_bool
                0x0000000000000000        0xc /Users/karankaushik/pebble-dev/PebbleSDK-2.3/Pebble/lib/libpebble.a(tmpAGzHFdpebble.o)
 .text.persist_read_data__deprecated
                0x0000000000000000        0xc /Users/karankaushik/pebble-dev/PebbleSDK-2.3/Pebble/lib/libpebble.a(tmpAGzHFdpebble.o)
 .text.persist_read_int
                0x0000000000000000        0xc /Users/karankaushik/pebble-dev/PebbleSDK-2.3/Pebble/lib/libpebble.a(tmpAGzHFdpebble.o)
 .text.persist_read_string__deprecated
                0x0000000000000000        0xc /Users/karankaushik/pebble-dev/PebbleSDK-2.3/Pebble/lib/libpebble.a(tmpAGzHFdpebble.o)
 .text.persist_write_bool
                0x0000000000000000        0xc /Users/karankaushik/pebble-dev/PebbleSDK-2.3/Pebble/lib/libpebble.a(tmpAGzHFdpebble.o)
 .text.persist_write_data__deprecated
                0x0000000000000000        0xc /Users/karankaushik/pebble-dev/PebbleSDK-2.3/Pebble/lib/libpebble.a(tmpAGzHFdpebble.o)
 .text.persist_write_int
                0x0000000000000000        0xc /Users/karankaushik/pebble-dev/PebbleSDK-2.3/Pebble/lib/libpebble.a(tmpAGzHFdpebble.o)
 .text.property_animation_create
                0x0000000000000000        0xc /Users/karankaushik/pebble-dev/PebbleSDK-2.3/Pebble/lib/libpebble.a(tmpAGzHFdpebble.o)
 .text.property_animation_create_layer_frame
                0x0000000000000000        0xc /Users/karankaushik/pebble-dev/PebbleSDK-2.3/Pebble/lib/libpebble.a(tmpAGzHFdpebble.o)
 .text.property_animation_destroy
                0x0000000000000000        0xc /Users/karankaushik/pebble-dev/PebbleSDK-2.3/Pebble/lib/libpebble.a(tmpAGzHFdpebble.o)
 .text.property_animation_update_gpoint
                0x0000000000000000        0xc /Users/karankaushik/pebble-dev/PebbleSDK-2.3/Pebble/lib/libpebble.a(tmpAGzHFdpebble.o)
 .text.property_animation_update_grect
                0x0000000000000000        0xc /Users/karankaushik/pebble-dev/PebbleSDK-2.3/Pebble/lib/libpebble.a(tmpAGzHFdpebble.o)
 .text.property_animation_update_int16
                0x0000000000000000        0xc /Users/karankaushik/pebble-dev/PebbleSDK-2.3/Pebble/lib/libpebble.a(tmpAGzHFdpebble.o)
 .text.psleep   0x0000000000000000        0xc /Users/karankaushik/pebble-dev/PebbleSDK-2.3/Pebble/lib/libpebble.a(tmpAGzHFdpebble.o)
 .text.rand     0x0000000000000000        0xc /Users/karankaushik/pebble-dev/PebbleSDK-2.3/Pebble/lib/libpebble.a(tmpAGzHFdpebble.o)
 .text.resource_get_handle
                0x0000000000000000        0xc /Users/karankaushik/pebble-dev/PebbleSDK-2.3/Pebble/lib/libpebble.a(tmpAGzHFdpebble.o)
 .text.resource_load
                0x0000000000000000        0xc /Users/karankaushik/pebble-dev/PebbleSDK-2.3/Pebble/lib/libpebble.a(tmpAGzHFdpebble.o)
 .text.resource_load_byte_range
                0x0000000000000000        0xc /Users/karankaushik/pebble-dev/PebbleSDK-2.3/Pebble/lib/libpebble.a(tmpAGzHFdpebble.o)
 .text.resource_size
                0x0000000000000000        0xc /Users/karankaushik/pebble-dev/PebbleSDK-2.3/Pebble/lib/libpebble.a(tmpAGzHFdpebble.o)
 .text.rot_bitmap_layer_create
                0x0000000000000000        0xc /Users/karankaushik/pebble-dev/PebbleSDK-2.3/Pebble/lib/libpebble.a(tmpAGzHFdpebble.o)
 .text.rot_bitmap_layer_destroy
                0x0000000000000000        0xc /Users/karankaushik/pebble-dev/PebbleSDK-2.3/Pebble/lib/libpebble.a(tmpAGzHFdpebble.o)
 .text.rot_bitmap_layer_increment_angle
                0x0000000000000000        0xc /Users/karankaushik/pebble-dev/PebbleSDK-2.3/Pebble/lib/libpebble.a(tmpAGzHFdpebble.o)
 .text.rot_bitmap_layer_set_angle
                0x0000000000000000        0xc /Users/karankaushik/pebble-dev/PebbleSDK-2.3/Pebble/lib/libpebble.a(tmpAGzHFdpebble.o)
 .text.rot_bitmap_layer_set_corner_clip_color
                0x0000000000000000        0xc /Users/karankaushik/pebble-dev/PebbleSDK-2.3/Pebble/lib/libpebble.a(tmpAGzHFdpebble.o)
 .text.rot_bitmap_set_compositing_mode
                0x0000000000000000        0xc /Users/karankaushik/pebble-dev/PebbleSDK-2.3/Pebble/lib/libpebble.a(tmpAGzHFdpebble.o)
 .text.rot_bitmap_set_src_ic
                0x0000000000000000        0xc /Users/karankaushik/pebble-dev/PebbleSDK-2.3/Pebble/lib/libpebble.a(tmpAGzHFdpebble.o)
 .text.scroll_layer_add_child
                0x0000000000000000        0xc /Users/karankaushik/pebble-dev/PebbleSDK-2.3/Pebble/lib/libpebble.a(tmpAGzHFdpebble.o)
 .text.scroll_layer_create
                0x0000000000000000        0xc /Users/karankaushik/pebble-dev/PebbleSDK-2.3/Pebble/lib/libpebble.a(tmpAGzHFdpebble.o)
 .text.scroll_layer_destroy
                0x0000000000000000        0xc /Users/karankaushik/pebble-dev/PebbleSDK-2.3/Pebble/lib/libpebble.a(tmpAGzHFdpebble.o)
 .text.scroll_layer_get_content_offset
                0x0000000000000000        0xc /Users/karankaushik/pebble-dev/PebbleSDK-2.3/Pebble/lib/libpebble.a(tmpAGzHFdpebble.o)
 .text.scroll_layer_get_content_size
                0x0000000000000000        0xc /Users/karankaushik/pebble-dev/PebbleSDK-2.3/Pebble/lib/libpebble.a(tmpAGzHFdpebble.o)
 .text.scroll_layer_get_layer
                0x0000000000000000        0xc /Users/karankaushik/pebble-dev/PebbleSDK-2.3/Pebble/lib/libpebble.a(tmpAGzHFdpebble.o)
 .text.scroll_layer_get_shadow_hidden
                0x0000000000000000        0xc /Users/karankaushik/pebble-dev/PebbleSDK-2.3/Pebble/lib/libpebble.a(tmpAGzHFdpebble.o)
 .text.scroll_layer_scroll_down_click_handler
                0x0000000000000000        0xc /Users/karankaushik/pebble-dev/PebbleSDK-2.3/Pebble/lib/libpebble.a(tmpAGzHFdpebble.o)
 .text.scroll_layer_scroll_up_click_handler
                0x0000000000000000        0xc /Users/karankaushik/pebble-dev/PebbleSDK-2.3/Pebble/lib/libpebble.a(tmpAGzHFdpebble.o)
 .text.scroll_layer_set_callbacks
                0x0000000000000000        0xc /Users/karankaushik/pebble-dev/PebbleSDK-2.3/Pebble/lib/libpebble.a(tmpAGzHFdpebble.o)
 .text.scroll_layer_set_click_config_onto_window
                0x0000000000000000        0xc /Users/karankaushik/pebble-dev/PebbleSDK-2.3/Pebble/lib/libpebble.a(tmpAGzHFdpebble.o)
 .text.scroll_layer_set_content_offset
                0x0000000000000000        0xc /Users/karankaushik/pebble-dev/PebbleSDK-2.3/Pebble/lib/libpebble.a(tmpAGzHFdpebble.o)
 .text.scroll_layer_set_content_size
                0x0000000000000000        0xc /Users/karankaushik/pebble-dev/PebbleSDK-2.3/Pebble/lib/libpebble.a(tmpAGzHFdpebble.o)
 .text.scroll_layer_set_context
                0x0000000000000000        0xc /Users/karankaushik/pebble-dev/PebbleSDK-2.3/Pebble/lib/libpebble.a(tmpAGzHFdpebble.o)
 .text.scroll_layer_set_frame
                0x0000000000000000        0xc /Users/karankaushik/pebble-dev/PebbleSDK-2.3/Pebble/lib/libpebble.a(tmpAGzHFdpebble.o)
 .text.scroll_layer_set_shadow_hidden
                0x0000000000000000        0xc /Users/karankaushik/pebble-dev/PebbleSDK-2.3/Pebble/lib/libpebble.a(tmpAGzHFdpebble.o)
 .text.simple_menu_layer_create
                0x0000000000000000        0xc /Users/karankaushik/pebble-dev/PebbleSDK-2.3/Pebble/lib/libpebble.a(tmpAGzHFdpebble.o)
 .text.simple_menu_layer_destroy
                0x0000000000000000        0xc /Users/karankaushik/pebble-dev/PebbleSDK-2.3/Pebble/lib/libpebble.a(tmpAGzHFdpebble.o)
 .text.simple_menu_layer_get_layer
                0x0000000000000000        0xc /Users/karankaushik/pebble-dev/PebbleSDK-2.3/Pebble/lib/libpebble.a(tmpAGzHFdpebble.o)
 .text.simple_menu_layer_get_selected_index
                0x0000000000000000        0xc /Users/karankaushik/pebble-dev/PebbleSDK-2.3/Pebble/lib/libpebble.a(tmpAGzHFdpebble.o)
 .text.simple_menu_layer_set_selected_index
                0x0000000000000000        0xc /Users/karankaushik/pebble-dev/PebbleSDK-2.3/Pebble/lib/libpebble.a(tmpAGzHFdpebble.o)
 .text.sin_lookup
                0x0000000000000000        0xc /Users/karankaushik/pebble-dev/PebbleSDK-2.3/Pebble/lib/libpebble.a(tmpAGzHFdpebble.o)
 .text.srand    0x0000000000000000        0xc /Users/karankaushik/pebble-dev/PebbleSDK-2.3/Pebble/lib/libpebble.a(tmpAGzHFdpebble.o)
 .text.strcat   0x0000000000000000        0xc /Users/karankaushik/pebble-dev/PebbleSDK-2.3/Pebble/lib/libpebble.a(tmpAGzHFdpebble.o)
 .text.strftime
                0x0000000000000000        0xc /Users/karankaushik/pebble-dev/PebbleSDK-2.3/Pebble/lib/libpebble.a(tmpAGzHFdpebble.o)
 .text.strncat  0x0000000000000000        0xc /Users/karankaushik/pebble-dev/PebbleSDK-2.3/Pebble/lib/libpebble.a(tmpAGzHFdpebble.o)
 .text.strncmp  0x0000000000000000        0xc /Users/karankaushik/pebble-dev/PebbleSDK-2.3/Pebble/lib/libpebble.a(tmpAGzHFdpebble.o)
 .text.strncpy  0x0000000000000000        0xc /Users/karankaushik/pebble-dev/PebbleSDK-2.3/Pebble/lib/libpebble.a(tmpAGzHFdpebble.o)
 .text.text_layer_get_content_size
                0x0000000000000000        0xc /Users/karankaushik/pebble-dev/PebbleSDK-2.3/Pebble/lib/libpebble.a(tmpAGzHFdpebble.o)
 .text.text_layer_get_text
                0x0000000000000000        0xc /Users/karankaushik/pebble-dev/PebbleSDK-2.3/Pebble/lib/libpebble.a(tmpAGzHFdpebble.o)
 .text.text_layer_set_background_color
                0x0000000000000000        0xc /Users/karankaushik/pebble-dev/PebbleSDK-2.3/Pebble/lib/libpebble.a(tmpAGzHFdpebble.o)
 .text.text_layer_set_size
                0x0000000000000000        0xc /Users/karankaushik/pebble-dev/PebbleSDK-2.3/Pebble/lib/libpebble.a(tmpAGzHFdpebble.o)
 .text.text_layer_set_text_color
                0x0000000000000000        0xc /Users/karankaushik/pebble-dev/PebbleSDK-2.3/Pebble/lib/libpebble.a(tmpAGzHFdpebble.o)
 .text.tick_timer_service_subscribe
                0x0000000000000000        0xc /Users/karankaushik/pebble-dev/PebbleSDK-2.3/Pebble/lib/libpebble.a(tmpAGzHFdpebble.o)
 .text.tick_timer_service_unsubscribe
                0x0000000000000000        0xc /Users/karankaushik/pebble-dev/PebbleSDK-2.3/Pebble/lib/libpebble.a(tmpAGzHFdpebble.o)
 .text.time     0x0000000000000000        0xc /Users/karankaushik/pebble-dev/PebbleSDK-2.3/Pebble/lib/libpebble.a(tmpAGzHFdpebble.o)
 .text.time_ms  0x0000000000000000        0xc /Users/karankaushik/pebble-dev/PebbleSDK-2.3/Pebble/lib/libpebble.a(tmpAGzHFdpebble.o)
 .text.vibes_cancel
                0x0000000000000000        0xc /Users/karankaushik/pebble-dev/PebbleSDK-2.3/Pebble/lib/libpebble.a(tmpAGzHFdpebble.o)
 .text.vibes_enqueue_custom_pattern
                0x0000000000000000        0xc /Users/karankaushik/pebble-dev/PebbleSDK-2.3/Pebble/lib/libpebble.a(tmpAGzHFdpebble.o)
 .text.window_get_click_config_provider
                0x0000000000000000        0xc /Users/karankaushik/pebble-dev/PebbleSDK-2.3/Pebble/lib/libpebble.a(tmpAGzHFdpebble.o)
 .text.window_get_fullscreen
                0x0000000000000000        0xc /Users/karankaushik/pebble-dev/PebbleSDK-2.3/Pebble/lib/libpebble.a(tmpAGzHFdpebble.o)
 .text.window_is_loaded
                0x0000000000000000        0xc /Users/karankaushik/pebble-dev/PebbleSDK-2.3/Pebble/lib/libpebble.a(tmpAGzHFdpebble.o)
 .text.window_set_background_color
                0x0000000000000000        0xc /Users/karankaushik/pebble-dev/PebbleSDK-2.3/Pebble/lib/libpebble.a(tmpAGzHFdpebble.o)
 .text.window_set_click_config_provider_with_context
                0x0000000000000000        0xc /Users/karankaushik/pebble-dev/PebbleSDK-2.3/Pebble/lib/libpebble.a(tmpAGzHFdpebble.o)
 .text.window_set_fullscreen
                0x0000000000000000        0xc /Users/karankaushik/pebble-dev/PebbleSDK-2.3/Pebble/lib/libpebble.a(tmpAGzHFdpebble.o)
 .text.window_set_status_bar_icon
                0x0000000000000000        0xc /Users/karankaushik/pebble-dev/PebbleSDK-2.3/Pebble/lib/libpebble.a(tmpAGzHFdpebble.o)
 .text.window_stack_contains_window
                0x0000000000000000        0xc /Users/karankaushik/pebble-dev/PebbleSDK-2.3/Pebble/lib/libpebble.a(tmpAGzHFdpebble.o)
 .text.window_stack_get_top_window
                0x0000000000000000        0xc /Users/karankaushik/pebble-dev/PebbleSDK-2.3/Pebble/lib/libpebble.a(tmpAGzHFdpebble.o)
 .text.window_stack_pop_all
                0x0000000000000000        0xc /Users/karankaushik/pebble-dev/PebbleSDK-2.3/Pebble/lib/libpebble.a(tmpAGzHFdpebble.o)
 .text.window_stack_remove
                0x0000000000000000        0xc /Users/karankaushik/pebble-dev/PebbleSDK-2.3/Pebble/lib/libpebble.a(tmpAGzHFdpebble.o)
 .text.app_focus_service_subscribe
                0x0000000000000000        0xc /Users/karankaushik/pebble-dev/PebbleSDK-2.3/Pebble/lib/libpebble.a(tmpAGzHFdpebble.o)
 .text.app_focus_service_unsubscribe
                0x0000000000000000        0xc /Users/karankaushik/pebble-dev/PebbleSDK-2.3/Pebble/lib/libpebble.a(tmpAGzHFdpebble.o)
 .text.window_get_user_data
                0x0000000000000000        0xc /Users/karankaushik/pebble-dev/PebbleSDK-2.3/Pebble/lib/libpebble.a(tmpAGzHFdpebble.o)
 .text.window_set_user_data
                0x0000000000000000        0xc /Users/karankaushik/pebble-dev/PebbleSDK-2.3/Pebble/lib/libpebble.a(tmpAGzHFdpebble.o)
 .text.app_message_get_context
                0x0000000000000000        0xc /Users/karankaushik/pebble-dev/PebbleSDK-2.3/Pebble/lib/libpebble.a(tmpAGzHFdpebble.o)
 .text.app_message_register_inbox_dropped
                0x0000000000000000        0xc /Users/karankaushik/pebble-dev/PebbleSDK-2.3/Pebble/lib/libpebble.a(tmpAGzHFdpebble.o)
 .text.app_message_register_outbox_failed
                0x0000000000000000        0xc /Users/karankaushik/pebble-dev/PebbleSDK-2.3/Pebble/lib/libpebble.a(tmpAGzHFdpebble.o)
 .text.app_message_register_outbox_sent
                0x0000000000000000        0xc /Users/karankaushik/pebble-dev/PebbleSDK-2.3/Pebble/lib/libpebble.a(tmpAGzHFdpebble.o)
 .text.app_message_set_context
                0x0000000000000000        0xc /Users/karankaushik/pebble-dev/PebbleSDK-2.3/Pebble/lib/libpebble.a(tmpAGzHFdpebble.o)
 .text.window_long_click_subscribe
                0x0000000000000000        0xc /Users/karankaushik/pebble-dev/PebbleSDK-2.3/Pebble/lib/libpebble.a(tmpAGzHFdpebble.o)
 .text.window_multi_click_subscribe
                0x0000000000000000        0xc /Users/karankaushik/pebble-dev/PebbleSDK-2.3/Pebble/lib/libpebble.a(tmpAGzHFdpebble.o)
 .text.window_raw_click_subscribe
                0x0000000000000000        0xc /Users/karankaushik/pebble-dev/PebbleSDK-2.3/Pebble/lib/libpebble.a(tmpAGzHFdpebble.o)
 .text.window_set_click_context
                0x0000000000000000        0xc /Users/karankaushik/pebble-dev/PebbleSDK-2.3/Pebble/lib/libpebble.a(tmpAGzHFdpebble.o)
 .text.window_single_click_subscribe
                0x0000000000000000        0xc /Users/karankaushik/pebble-dev/PebbleSDK-2.3/Pebble/lib/libpebble.a(tmpAGzHFdpebble.o)
 .text.graphics_draw_text
                0x0000000000000000        0xc /Users/karankaushik/pebble-dev/PebbleSDK-2.3/Pebble/lib/libpebble.a(tmpAGzHFdpebble.o)
 .text.dict_serialize_tuplets_to_buffer
                0x0000000000000000        0xc /Users/karankaushik/pebble-dev/PebbleSDK-2.3/Pebble/lib/libpebble.a(tmpAGzHFdpebble.o)
 .text.persist_read_data
                0x0000000000000000        0xc /Users/karankaushik/pebble-dev/PebbleSDK-2.3/Pebble/lib/libpebble.a(tmpAGzHFdpebble.o)
 .text.persist_write_data
                0x0000000000000000        0xc /Users/karankaushik/pebble-dev/PebbleSDK-2.3/Pebble/lib/libpebble.a(tmpAGzHFdpebble.o)
 .text.dict_size
                0x0000000000000000        0xc /Users/karankaushik/pebble-dev/PebbleSDK-2.3/Pebble/lib/libpebble.a(tmpAGzHFdpebble.o)
 .text.graphics_text_layout_get_content_size
                0x0000000000000000        0xc /Users/karankaushik/pebble-dev/PebbleSDK-2.3/Pebble/lib/libpebble.a(tmpAGzHFdpebble.o)
 .text.simple_menu_layer_get_menu_layer
                0x0000000000000000        0xc /Users/karankaushik/pebble-dev/PebbleSDK-2.3/Pebble/lib/libpebble.a(tmpAGzHFdpebble.o)
 .text.accel_data_service_subscribe
                0x0000000000000000        0xc /Users/karankaushik/pebble-dev/PebbleSDK-2.3/Pebble/lib/libpebble.a(tmpAGzHFdpebble.o)
 .text.calloc   0x0000000000000000        0xc /Users/karankaushik/pebble-dev/PebbleSDK-2.3/Pebble/lib/libpebble.a(tmpAGzHFdpebble.o)
 .text.bitmap_layer_get_bitmap
                0x0000000000000000        0xc /Users/karankaushik/pebble-dev/PebbleSDK-2.3/Pebble/lib/libpebble.a(tmpAGzHFdpebble.o)
 .text.window_get_click_config_context
                0x0000000000000000        0xc /Users/karankaushik/pebble-dev/PebbleSDK-2.3/Pebble/lib/libpebble.a(tmpAGzHFdpebble.o)
 .text          0x0000000000000000        0x0 /Users/karankaushik/pebble-dev/PebbleSDK-2.3/arm-cs-tools/bin/../lib/gcc/arm-none-eabi/4.7.2/thumb2/crtend.o
 .bss           0x0000000000000000        0x0 /Users/karankaushik/pebble-dev/PebbleSDK-2.3/arm-cs-tools/bin/../lib/gcc/arm-none-eabi/4.7.2/thumb2/crtend.o
 .eh_frame      0x0000000000000000        0x4 /Users/karankaushik/pebble-dev/PebbleSDK-2.3/arm-cs-tools/bin/../lib/gcc/arm-none-eabi/4.7.2/thumb2/crtend.o
 .jcr           0x0000000000000000        0x4 /Users/karankaushik/pebble-dev/PebbleSDK-2.3/arm-cs-tools/bin/../lib/gcc/arm-none-eabi/4.7.2/thumb2/crtend.o
 .tm_clone_table
                0x0000000000000000        0x0 /Users/karankaushik/pebble-dev/PebbleSDK-2.3/arm-cs-tools/bin/../lib/gcc/arm-none-eabi/4.7.2/thumb2/crtend.o
 .text          0x0000000000000000        0x0 /Users/karankaushik/pebble-dev/PebbleSDK-2.3/arm-cs-tools/bin/../lib/gcc/arm-none-eabi/4.7.2/thumb2/crtn.o
 .bss           0x0000000000000000        0x0 /Users/karankaushik/pebble-dev/PebbleSDK-2.3/arm-cs-tools/bin/../lib/gcc/arm-none-eabi/4.7.2/thumb2/crtn.o
 .init          0x0000000000000000        0x8 /Users/karankaushik/pebble-dev/PebbleSDK-2.3/arm-cs-tools/bin/../lib/gcc/arm-none-eabi/4.7.2/thumb2/crtn.o
 .fini          0x0000000000000000        0x8 /Users/karankaushik/pebble-dev/PebbleSDK-2.3/arm-cs-tools/bin/../lib/gcc/arm-none-eabi/4.7.2/thumb2/crtn.o

Memory Configuration

Name             Origin             Length             Attributes
APP              0x0000000000000000 0x0000000000006000 xrw
*default*        0x0000000000000000 0xffffffffffffffff

Linker script and memory map

LOAD /Users/karankaushik/pebble-dev/PebbleSDK-2.3/arm-cs-tools/bin/../lib/gcc/arm-none-eabi/4.7.2/thumb2/crti.o
LOAD /Users/karankaushik/pebble-dev/PebbleSDK-2.3/arm-cs-tools/bin/../lib/gcc/arm-none-eabi/4.7.2/thumb2/crtbegin.o
LOAD src/main.c.9.o
LOAD appinfo.auto.c.9.o
LOAD /Users/karankaushik/pebble-dev/PebbleSDK-2.3/Pebble/lib/libpebble.a
START GROUP
LOAD /Users/karankaushik/pebble-dev/PebbleSDK-2.3/arm-cs-tools/bin/../lib/gcc/arm-none-eabi/4.7.2/thumb2/libgcc.a
LOAD /Users/karankaushik/pebble-dev/PebbleSDK-2.3/arm-cs-tools/bin/../lib/gcc/arm-none-eabi/4.7.2/../../../../arm-none-eabi/lib/thumb2/libc.a
END GROUP
LOAD /Users/karankaushik/pebble-dev/PebbleSDK-2.3/arm-cs-tools/bin/../lib/gcc/arm-none-eabi/4.7.2/thumb2/crtend.o
LOAD /Users/karankaushik/pebble-dev/PebbleSDK-2.3/arm-cs-tools/bin/../lib/gcc/arm-none-eabi/4.7.2/thumb2/crtn.o

.header         0x0000000000000000       0x82
 *(.pbl_header)
 .pbl_header    0x0000000000000000       0x82 appinfo.auto.c.9.o
                0x0000000000000000                __pbl_app_info

.text           0x0000000000000084     0x12a3
 *(.text)
 .text          0x0000000000000084       0x14 /Users/karankaushik/pebble-dev/PebbleSDK-2.3/Pebble/lib/libpebble.a(tmpAGzHFdpebble.o)
 *(.text.*)
 .text.menu_get_num_sections_callback
                0x0000000000000098        0x4 src/main.c.9.o
 .text.menu_get_num_rows_callback
                0x000000000000009c       0x14 src/main.c.9.o
 .text.menu_get_header_height_callback
                0x00000000000000b0        0x4 src/main.c.9.o
 .text.time_window_disappear
                0x00000000000000b4       0x2c src/main.c.9.o
 .text.window_unload
                0x00000000000000e0       0x24 src/main.c.9.o
                0x00000000000000e0                window_unload
 .text.timerwindow_config_provider
                0x0000000000000104       0x14 src/main.c.9.o
                0x0000000000000104                timerwindow_config_provider
 .text.window_load
                0x0000000000000118       0xb8 src/main.c.9.o
                0x0000000000000118                window_load
 .text.menu_draw_header_callback
                0x00000000000001d0       0x10 src/main.c.9.o
 .text.menu_long_select_callback
                0x00000000000001e0        0x2 src/main.c.9.o
                0x00000000000001e0                menu_long_select_callback
 *fill*         0x00000000000001e2        0x2 
 .text.pause_click_handler
                0x00000000000001e4       0x88 src/main.c.9.o
                0x00000000000001e4                pause_click_handler
 .text.menu_draw_row_callback
                0x000000000000026c       0x5c src/main.c.9.o
 .text.readFromStorage
                0x00000000000002c8       0x60 src/main.c.9.o
                0x00000000000002c8                readFromStorage
 .text.sendMessage
                0x0000000000000328       0x34 src/main.c.9.o
                0x0000000000000328                sendMessage
 .text.timer_callback
                0x000000000000035c       0x94 src/main.c.9.o
 .text.menu_select_callback
                0x00000000000003f0       0x54 src/main.c.9.o
                0x00000000000003f0                menu_select_callback
 .text.clearMemory
                0x0000000000000444       0x48 src/main.c.9.o
                0x0000000000000444                clearMemory
 .text.updateMenu
                0x000000000000048c       0xb0 src/main.c.9.o
                0x000000000000048c                updateMenu
 .text.createTimer
                0x000000000000053c      0x230 src/main.c.9.o
                0x000000000000053c                createTimer
 .text.addWorkout
                0x000000000000076c      0x11c src/main.c.9.o
                0x000000000000076c                addWorkout
 .text.strtok   0x0000000000000888       0x68 src/main.c.9.o
                0x0000000000000888                strtok
 .text.in_received_handler
                0x00000000000008f0      0x248 src/main.c.9.o
 .text.startup.main
                0x0000000000000b38      0x1e0 src/main.c.9.o
                0x0000000000000b38                main
 .text.app_event_loop
                0x0000000000000d18        0xc /Users/karankaushik/pebble-dev/PebbleSDK-2.3/Pebble/lib/libpebble.a(tmpAGzHFdpebble.o)
                0x0000000000000d18                app_event_loop
 .text.app_log  0x0000000000000d24        0xc /Users/karankaushik/pebble-dev/PebbleSDK-2.3/Pebble/lib/libpebble.a(tmpAGzHFdpebble.o)
                0x0000000000000d24                app_log
 .text.app_message_open
                0x0000000000000d30        0xc /Users/karankaushik/pebble-dev/PebbleSDK-2.3/Pebble/lib/libpebble.a(tmpAGzHFdpebble.o)
                0x0000000000000d30                app_message_open
 .text.app_timer_cancel
                0x0000000000000d3c        0xc /Users/karankaushik/pebble-dev/PebbleSDK-2.3/Pebble/lib/libpebble.a(tmpAGzHFdpebble.o)
                0x0000000000000d3c                app_timer_cancel
 .text.app_timer_register
                0x0000000000000d48        0xc /Users/karankaushik/pebble-dev/PebbleSDK-2.3/Pebble/lib/libpebble.a(tmpAGzHFdpebble.o)
                0x0000000000000d48                app_timer_register
 .text.atoi     0x0000000000000d54        0xc /Users/karankaushik/pebble-dev/PebbleSDK-2.3/Pebble/lib/libpebble.a(tmpAGzHFdpebble.o)
                0x0000000000000d54                atoi
 .text.bitmap_layer_create
                0x0000000000000d60        0xc /Users/karankaushik/pebble-dev/PebbleSDK-2.3/Pebble/lib/libpebble.a(tmpAGzHFdpebble.o)
                0x0000000000000d60                bitmap_layer_create
 .text.bitmap_layer_get_layer
                0x0000000000000d6c        0xc /Users/karankaushik/pebble-dev/PebbleSDK-2.3/Pebble/lib/libpebble.a(tmpAGzHFdpebble.o)
                0x0000000000000d6c                bitmap_layer_get_layer
 .text.bitmap_layer_set_alignment
                0x0000000000000d78        0xc /Users/karankaushik/pebble-dev/PebbleSDK-2.3/Pebble/lib/libpebble.a(tmpAGzHFdpebble.o)
                0x0000000000000d78                bitmap_layer_set_alignment
 .text.bitmap_layer_set_bitmap
                0x0000000000000d84        0xc /Users/karankaushik/pebble-dev/PebbleSDK-2.3/Pebble/lib/libpebble.a(tmpAGzHFdpebble.o)
                0x0000000000000d84                bitmap_layer_set_bitmap
 .text.dict_find
                0x0000000000000d90        0xc /Users/karankaushik/pebble-dev/PebbleSDK-2.3/Pebble/lib/libpebble.a(tmpAGzHFdpebble.o)
                0x0000000000000d90                dict_find
 .text.dict_write_cstring
                0x0000000000000d9c        0xc /Users/karankaushik/pebble-dev/PebbleSDK-2.3/Pebble/lib/libpebble.a(tmpAGzHFdpebble.o)
                0x0000000000000d9c                dict_write_cstring
 .text.fonts_get_system_font
                0x0000000000000da8        0xc /Users/karankaushik/pebble-dev/PebbleSDK-2.3/Pebble/lib/libpebble.a(tmpAGzHFdpebble.o)
                0x0000000000000da8                fonts_get_system_font
 .text.gbitmap_create_with_resource
                0x0000000000000db4        0xc /Users/karankaushik/pebble-dev/PebbleSDK-2.3/Pebble/lib/libpebble.a(tmpAGzHFdpebble.o)
                0x0000000000000db4                gbitmap_create_with_resource
 .text.layer_add_child
                0x0000000000000dc0        0xc /Users/karankaushik/pebble-dev/PebbleSDK-2.3/Pebble/lib/libpebble.a(tmpAGzHFdpebble.o)
                0x0000000000000dc0                layer_add_child
 .text.layer_get_frame
                0x0000000000000dcc        0xc /Users/karankaushik/pebble-dev/PebbleSDK-2.3/Pebble/lib/libpebble.a(tmpAGzHFdpebble.o)
                0x0000000000000dcc                layer_get_frame
 .text.malloc   0x0000000000000dd8        0xc /Users/karankaushik/pebble-dev/PebbleSDK-2.3/Pebble/lib/libpebble.a(tmpAGzHFdpebble.o)
                0x0000000000000dd8                malloc
 .text.memset   0x0000000000000de4        0xc /Users/karankaushik/pebble-dev/PebbleSDK-2.3/Pebble/lib/libpebble.a(tmpAGzHFdpebble.o)
                0x0000000000000de4                memset
 .text.menu_cell_basic_draw
                0x0000000000000df0        0xc /Users/karankaushik/pebble-dev/PebbleSDK-2.3/Pebble/lib/libpebble.a(tmpAGzHFdpebble.o)
                0x0000000000000df0                menu_cell_basic_draw
 .text.menu_cell_basic_header_draw
                0x0000000000000dfc        0xc /Users/karankaushik/pebble-dev/PebbleSDK-2.3/Pebble/lib/libpebble.a(tmpAGzHFdpebble.o)
                0x0000000000000dfc                menu_cell_basic_header_draw
 .text.menu_layer_create
                0x0000000000000e08        0xc /Users/karankaushik/pebble-dev/PebbleSDK-2.3/Pebble/lib/libpebble.a(tmpAGzHFdpebble.o)
                0x0000000000000e08                menu_layer_create
 .text.menu_layer_destroy
                0x0000000000000e14        0xc /Users/karankaushik/pebble-dev/PebbleSDK-2.3/Pebble/lib/libpebble.a(tmpAGzHFdpebble.o)
                0x0000000000000e14                menu_layer_destroy
 .text.menu_layer_get_layer
                0x0000000000000e20        0xc /Users/karankaushik/pebble-dev/PebbleSDK-2.3/Pebble/lib/libpebble.a(tmpAGzHFdpebble.o)
                0x0000000000000e20                menu_layer_get_layer
 .text.menu_layer_reload_data
                0x0000000000000e2c        0xc /Users/karankaushik/pebble-dev/PebbleSDK-2.3/Pebble/lib/libpebble.a(tmpAGzHFdpebble.o)
                0x0000000000000e2c                menu_layer_reload_data
 .text.menu_layer_set_click_config_onto_window
                0x0000000000000e38        0xc /Users/karankaushik/pebble-dev/PebbleSDK-2.3/Pebble/lib/libpebble.a(tmpAGzHFdpebble.o)
                0x0000000000000e38                menu_layer_set_click_config_onto_window
 .text.persist_delete
                0x0000000000000e44        0xc /Users/karankaushik/pebble-dev/PebbleSDK-2.3/Pebble/lib/libpebble.a(tmpAGzHFdpebble.o)
                0x0000000000000e44                persist_delete
 .text.persist_exists
                0x0000000000000e50        0xc /Users/karankaushik/pebble-dev/PebbleSDK-2.3/Pebble/lib/libpebble.a(tmpAGzHFdpebble.o)
                0x0000000000000e50                persist_exists
 .text.persist_write_string
                0x0000000000000e5c        0xc /Users/karankaushik/pebble-dev/PebbleSDK-2.3/Pebble/lib/libpebble.a(tmpAGzHFdpebble.o)
                0x0000000000000e5c                persist_write_string
 .text.snprintf
                0x0000000000000e68        0xc /Users/karankaushik/pebble-dev/PebbleSDK-2.3/Pebble/lib/libpebble.a(tmpAGzHFdpebble.o)
                0x0000000000000e68                snprintf
 .text.strcmp   0x0000000000000e74        0xc /Users/karankaushik/pebble-dev/PebbleSDK-2.3/Pebble/lib/libpebble.a(tmpAGzHFdpebble.o)
                0x0000000000000e74                strcmp
 .text.strcpy   0x0000000000000e80        0xc /Users/karankaushik/pebble-dev/PebbleSDK-2.3/Pebble/lib/libpebble.a(tmpAGzHFdpebble.o)
                0x0000000000000e80                strcpy
 .text.strlen   0x0000000000000e8c        0xc /Users/karankaushik/pebble-dev/PebbleSDK-2.3/Pebble/lib/libpebble.a(tmpAGzHFdpebble.o)
                0x0000000000000e8c                strlen
 .text.text_layer_create
                0x0000000000000e98        0xc /Users/karankaushik/pebble-dev/PebbleSDK-2.3/Pebble/lib/libpebble.a(tmpAGzHFdpebble.o)
                0x0000000000000e98                text_layer_create
 .text.text_layer_destroy
                0x0000000000000ea4        0xc /Users/karankaushik/pebble-dev/PebbleSDK-2.3/Pebble/lib/libpebble.a(tmpAGzHFdpebble.o)
                0x0000000000000ea4                text_layer_destroy
 .text.text_layer_get_layer
                0x0000000000000eb0        0xc /Users/karankaushik/pebble-dev/PebbleSDK-2.3/Pebble/lib/libpebble.a(tmpAGzHFdpebble.o)
                0x0000000000000eb0                text_layer_get_layer
 .text.text_layer_set_font
                0x0000000000000ebc        0xc /Users/karankaushik/pebble-dev/PebbleSDK-2.3/Pebble/lib/libpebble.a(tmpAGzHFdpebble.o)
                0x0000000000000ebc                text_layer_set_font
 .text.text_layer_set_overflow_mode
                0x0000000000000ec8        0xc /Users/karankaushik/pebble-dev/PebbleSDK-2.3/Pebble/lib/libpebble.a(tmpAGzHFdpebble.o)
                0x0000000000000ec8                text_layer_set_overflow_mode
 .text.text_layer_set_text
                0x0000000000000ed4        0xc /Users/karankaushik/pebble-dev/PebbleSDK-2.3/Pebble/lib/libpebble.a(tmpAGzHFdpebble.o)
                0x0000000000000ed4                text_layer_set_text
 .text.text_layer_set_text_alignment
                0x0000000000000ee0        0xc /Users/karankaushik/pebble-dev/PebbleSDK-2.3/Pebble/lib/libpebble.a(tmpAGzHFdpebble.o)
                0x0000000000000ee0                text_layer_set_text_alignment
 .text.vibes_double_pulse
                0x0000000000000eec        0xc /Users/karankaushik/pebble-dev/PebbleSDK-2.3/Pebble/lib/libpebble.a(tmpAGzHFdpebble.o)
                0x0000000000000eec                vibes_double_pulse
 .text.vibes_long_pulse
                0x0000000000000ef8        0xc /Users/karankaushik/pebble-dev/PebbleSDK-2.3/Pebble/lib/libpebble.a(tmpAGzHFdpebble.o)
                0x0000000000000ef8                vibes_long_pulse
 .text.vibes_short_pulse
                0x0000000000000f04        0xc /Users/karankaushik/pebble-dev/PebbleSDK-2.3/Pebble/lib/libpebble.a(tmpAGzHFdpebble.o)
                0x0000000000000f04                vibes_short_pulse
 .text.window_create
                0x0000000000000f10        0xc /Users/karankaushik/pebble-dev/PebbleSDK-2.3/Pebble/lib/libpebble.a(tmpAGzHFdpebble.o)
                0x0000000000000f10                window_create
 .text.window_destroy
                0x0000000000000f1c        0xc /Users/karankaushik/pebble-dev/PebbleSDK-2.3/Pebble/lib/libpebble.a(tmpAGzHFdpebble.o)
                0x0000000000000f1c                window_destroy
 .text.window_get_root_layer
                0x0000000000000f28        0xc /Users/karankaushik/pebble-dev/PebbleSDK-2.3/Pebble/lib/libpebble.a(tmpAGzHFdpebble.o)
                0x0000000000000f28                window_get_root_layer
 .text.window_set_click_config_provider
                0x0000000000000f34        0xc /Users/karankaushik/pebble-dev/PebbleSDK-2.3/Pebble/lib/libpebble.a(tmpAGzHFdpebble.o)
                0x0000000000000f34                window_set_click_config_provider
 .text.window_set_window_handlers
                0x0000000000000f40        0xc /Users/karankaushik/pebble-dev/PebbleSDK-2.3/Pebble/lib/libpebble.a(tmpAGzHFdpebble.o)
                0x0000000000000f40                window_set_window_handlers
 .text.window_stack_pop
                0x0000000000000f4c        0xc /Users/karankaushik/pebble-dev/PebbleSDK-2.3/Pebble/lib/libpebble.a(tmpAGzHFdpebble.o)
                0x0000000000000f4c                window_stack_pop
 .text.window_stack_push
                0x0000000000000f58        0xc /Users/karankaushik/pebble-dev/PebbleSDK-2.3/Pebble/lib/libpebble.a(tmpAGzHFdpebble.o)
                0x0000000000000f58                window_stack_push
 .text.app_message_inbox_size_maximum
                0x0000000000000f64        0xc /Users/karankaushik/pebble-dev/PebbleSDK-2.3/Pebble/lib/libpebble.a(tmpAGzHFdpebble.o)
                0x0000000000000f64                app_message_inbox_size_maximum
 .text.app_message_outbox_begin
                0x0000000000000f70        0xc /Users/karankaushik/pebble-dev/PebbleSDK-2.3/Pebble/lib/libpebble.a(tmpAGzHFdpebble.o)
                0x0000000000000f70                app_message_outbox_begin
 .text.app_message_outbox_send
                0x0000000000000f7c        0xc /Users/karankaushik/pebble-dev/PebbleSDK-2.3/Pebble/lib/libpebble.a(tmpAGzHFdpebble.o)
                0x0000000000000f7c                app_message_outbox_send
 .text.app_message_outbox_size_maximum
                0x0000000000000f88        0xc /Users/karankaushik/pebble-dev/PebbleSDK-2.3/Pebble/lib/libpebble.a(tmpAGzHFdpebble.o)
                0x0000000000000f88                app_message_outbox_size_maximum
 .text.app_message_register_inbox_received
                0x0000000000000f94        0xc /Users/karankaushik/pebble-dev/PebbleSDK-2.3/Pebble/lib/libpebble.a(tmpAGzHFdpebble.o)
                0x0000000000000f94                app_message_register_inbox_received
 .text.window_single_repeating_click_subscribe
                0x0000000000000fa0        0xc /Users/karankaushik/pebble-dev/PebbleSDK-2.3/Pebble/lib/libpebble.a(tmpAGzHFdpebble.o)
                0x0000000000000fa0                window_single_repeating_click_subscribe
 .text.persist_read_string
                0x0000000000000fac        0xc /Users/karankaushik/pebble-dev/PebbleSDK-2.3/Pebble/lib/libpebble.a(tmpAGzHFdpebble.o)
                0x0000000000000fac                persist_read_string
 .text.menu_layer_set_callbacks
                0x0000000000000fb8        0xc /Users/karankaushik/pebble-dev/PebbleSDK-2.3/Pebble/lib/libpebble.a(tmpAGzHFdpebble.o)
                0x0000000000000fb8                menu_layer_set_callbacks
 *(.rodata)
 .rodata        0x0000000000000fc4        0x2 src/main.c.9.o
 *(.rodata*)
 .rodata.str1.1
                0x0000000000000fc6      0x361 src/main.c.9.o
                                        0x362 (size before relaxing)

.glue_7         0x0000000000001328        0x0
 .glue_7        0x0000000000000000        0x0 linker stubs

.glue_7t        0x0000000000001328        0x0
 .glue_7t       0x0000000000000000        0x0 linker stubs

.vfp11_veneer   0x0000000000001328        0x0
 .vfp11_veneer  0x0000000000000000        0x0 linker stubs

.v4_bx          0x0000000000001328        0x0
 .v4_bx         0x0000000000000000        0x0 linker stubs

.iplt           0x0000000000001328        0x0
 .iplt          0x0000000000000000        0x0 /Users/karankaushik/pebble-dev/PebbleSDK-2.3/arm-cs-tools/bin/../lib/gcc/arm-none-eabi/4.7.2/thumb2/crtbegin.o

.rel.dyn        0x0000000000001328        0x0
 .rel.iplt      0x0000000000000000        0x0 /Users/karankaushik/pebble-dev/PebbleSDK-2.3/arm-cs-tools/bin/../lib/gcc/arm-none-eabi/4.7.2/thumb2/crtbegin.o
 .rel.got       0x0000000000000000        0x0 /Users/karankaushik/pebble-dev/PebbleSDK-2.3/arm-cs-tools/bin/../lib/gcc/arm-none-eabi/4.7.2/thumb2/crtbegin.o

.data           0x0000000000001328        0x8
 *(.data)
 .data          0x0000000000001328        0x0 /Users/karankaushik/pebble-dev/PebbleSDK-2.3/arm-cs-tools/bin/../lib/gcc/arm-none-eabi/4.7.2/thumb2/crti.o
 .data          0x0000000000001328        0x4 /Users/karankaushik/pebble-dev/PebbleSDK-2.3/arm-cs-tools/bin/../lib/gcc/arm-none-eabi/4.7.2/thumb2/crtbegin.o
                0x0000000000001328                __dso_handle
 .data          0x000000000000132c        0x0 src/main.c.9.o
 .data          0x000000000000132c        0x0 appinfo.auto.c.9.o
 .data          0x000000000000132c        0x0 /Users/karankaushik/pebble-dev/PebbleSDK-2.3/Pebble/lib/libpebble.a(tmpAGzHFdpebble.o)
 .data          0x000000000000132c        0x0 /Users/karankaushik/pebble-dev/PebbleSDK-2.3/arm-cs-tools/bin/../lib/gcc/arm-none-eabi/4.7.2/thumb2/crtend.o
 .data          0x000000000000132c        0x0 /Users/karankaushik/pebble-dev/PebbleSDK-2.3/arm-cs-tools/bin/../lib/gcc/arm-none-eabi/4.7.2/thumb2/crtn.o
 *(.data.*)
 .data.rel.local.time_str
                0x000000000000132c        0x4 src/main.c.9.o
                0x000000000000132c                time_str

.igot.plt       0x0000000000001330        0x0
 .igot.plt      0x0000000000000000        0x0 /Users/karankaushik/pebble-dev/PebbleSDK-2.3/arm-cs-tools/bin/../lib/gcc/arm-none-eabi/4.7.2/thumb2/crtbegin.o

.got            0x0000000000001330        0x4
 .got           0x0000000000001330        0x4 /Users/karankaushik/pebble-dev/PebbleSDK-2.3/arm-cs-tools/bin/../lib/gcc/arm-none-eabi/4.7.2/thumb2/crtbegin.o

.got.plt        0x0000000000001334        0xc
 .got.plt       0x0000000000001334        0xc /Users/karankaushik/pebble-dev/PebbleSDK-2.3/arm-cs-tools/bin/../lib/gcc/arm-none-eabi/4.7.2/thumb2/crtbegin.o
                0x0000000000001334                _GLOBAL_OFFSET_TABLE_

.bss            0x0000000000001340       0xa0
 *(.bss)
 *(.bss.*)
 .bss.window    0x0000000000001340        0x4 src/main.c.9.o
 .bss.ins_text.6609
                0x0000000000001344        0x4 src/main.c.9.o
 .bss.image_layer
                0x0000000000001348        0x4 src/main.c.9.o
 .bss.menu_layer
                0x000000000000134c        0x4 src/main.c.9.o
 .bss.ins_window.6608
                0x0000000000001350        0x4 src/main.c.9.o
 .bss.timer_window
                0x0000000000001354        0x4 src/main.c.9.o
 .bss.end_text.6593
                0x0000000000001358        0x4 src/main.c.9.o
 .bss.paused    0x000000000000135c        0x1 src/main.c.9.o
                0x000000000000135c                paused
 *fill*         0x000000000000135d        0x3 
 .bss.paused_text
                0x0000000000001360        0x4 src/main.c.9.o
 .bss.image     0x0000000000001364        0x4 src/main.c.9.o
 .bss.title_text
                0x0000000000001368        0x4 src/main.c.9.o
 .bss.text_layer
                0x000000000000136c        0x4 src/main.c.9.o
 .bss.instructions
                0x0000000000001370        0x1 src/main.c.9.o
                0x0000000000001370                instructions
 *fill*         0x0000000000001371        0x3 
 .bss.NUM_FIRST_MENU_ITEMS
                0x0000000000001374        0x4 src/main.c.9.o
                0x0000000000001374                NUM_FIRST_MENU_ITEMS
 .bss.end_window.6592
                0x0000000000001378        0x4 src/main.c.9.o
 .bss.timer_text
                0x000000000000137c        0x4 src/main.c.9.o
 .bss.last.6572
                0x0000000000001380        0x4 src/main.c.9.o
 .bss.timer     0x0000000000001384        0x4 src/main.c.9.o
 .bss.end2_text.6594
                0x0000000000001388        0x4 src/main.c.9.o
 .bss.timer_time
                0x000000000000138c        0x4 src/main.c.9.o
                0x000000000000138c                timer_time
 COMMON         0x0000000000001390       0x50 src/main.c.9.o
                0x0000000000001390                workout_names

DISCARD
 libc.a(*)
 libm.a(*)
 libgcc.a(*)
 *(.eh_frame)
OUTPUT(/Users/karankaushik/Projects/Pebble-workout-timer/build/pebble-app.elf elf32-littlearm)

.ARM.attributes
                0x0000000000000000       0x27
 .ARM.attributes
                0x0000000000000000       0x19 /Users/karankaushik/pebble-dev/PebbleSDK-2.3/arm-cs-tools/bin/../lib/gcc/arm-none-eabi/4.7.2/thumb2/crti.o
 .ARM.attributes
                0x0000000000000019       0x29 /Users/karankaushik/pebble-dev/PebbleSDK-2.3/arm-cs-tools/bin/../lib/gcc/arm-none-eabi/4.7.2/thumb2/crtbegin.o
 .ARM.attributes
                0x0000000000000042       0x33 src/main.c.9.o
 .ARM.attributes
                0x0000000000000075       0x33 appinfo.auto.c.9.o
 .ARM.attributes
                0x00000000000000a8       0x21 /Users/karankaushik/pebble-dev/PebbleSDK-2.3/Pebble/lib/libpebble.a(tmpAGzHFdpebble.o)
 .ARM.attributes
                0x00000000000000c9       0x29 /Users/karankaushik/pebble-dev/PebbleSDK-2.3/arm-cs-tools/bin/../lib/gcc/arm-none-eabi/4.7.2/thumb2/crtend.o
 .ARM.attributes
                0x00000000000000f2       0x19 /Users/karankaushik/pebble-dev/PebbleSDK-2.3/arm-cs-tools/bin/../lib/gcc/arm-none-eabi/4.7.2/thumb2/crtn.o

.comment        0x0000000000000000       0x4e
 .comment       0x0000000000000000       0x4e /Users/karankaushik/pebble-dev/PebbleSDK-2.3/arm-cs-tools/bin/../lib/gcc/arm-none-eabi/4.7.2/thumb2/crtbegin.o
                                         0x4f (size before relaxing)
 .comment       0x0000000000000000       0x4f src/main.c.9.o
 .comment       0x0000000000000000       0x4f appinfo.auto.c.9.o
 .comment       0x0000000000000000       0x4f /Users/karankaushik/pebble-dev/PebbleSDK-2.3/arm-cs-tools/bin/../lib/gcc/arm-none-eabi/4.7.2/thumb2/crtend.o

.debug_info     0x0000000000000000     0x29f2
 .debug_info    0x0000000000000000     0x26c4 src/main.c.9.o
 .debug_info    0x00000000000026c4      0x32e appinfo.auto.c.9.o

.debug_abbrev   0x0000000000000000      0x5c6
 .debug_abbrev  0x0000000000000000      0x51b src/main.c.9.o
 .debug_abbrev  0x000000000000051b       0xab appinfo.auto.c.9.o

.debug_loc      0x0000000000000000      0xbaf
 .debug_loc     0x0000000000000000      0xbaf src/main.c.9.o

.debug_aranges  0x0000000000000000       0xe0
 .debug_aranges
                0x0000000000000000       0xc8 src/main.c.9.o
 .debug_aranges
                0x00000000000000c8       0x18 appinfo.auto.c.9.o

.debug_ranges   0x0000000000000000      0x158
 .debug_ranges  0x0000000000000000      0x158 src/main.c.9.o

.debug_line     0x0000000000000000      0x668
 .debug_line    0x0000000000000000      0x542 src/main.c.9.o
 .debug_line    0x0000000000000542      0x126 appinfo.auto.c.9.o

.debug_str      0x0000000000000000     0x11c9
 .debug_str     0x0000000000000000     0x107f src/main.c.9.o
                                       0x1146 (size before relaxing)
 .debug_str     0x000000000000107f      0x14a appinfo.auto.c.9.o
                                        0x2b7 (size before relaxing)

.debug_frame    0x0000000000000000      0x278
 .debug_frame   0x0000000000000000      0x278 src/main.c.9.o
